// Jest Snapshot v1, https://goo.gl/fbAQLP

exports[`Stack Snapshot 1`] = `
Object {
  "Parameters": Object {
    "branch": Object {
      "Default": "master",
      "Description": "Github/Codecommit source branch",
      "Type": "String",
    },
    "githuborg": Object {
      "Default": "mmi-holdings-ces",
      "Description": "Github organisation name",
      "Type": "String",
    },
    "pomfile": Object {
      "AllowedPattern": "*pom.xml",
      "Default": "pom.xml",
      "Description": "pom.xml file path",
      "Type": "String",
    },
    "propertiesfile": Object {
      "Description": "pom.properties file path",
      "Type": "String",
    },
    "sourceprovider": Object {
      "AllowedValues": Array [
        "github",
        "codecommit",
        "s3",
      ],
      "Default": "github",
      "Description": "Pipeline source provider",
      "Type": "String",
    },
  },
  "Resources": Object {
    "PfmServiceCodeBuildEcsDeployProjectC6FDDE22": Object {
      "Properties": Object {
        "Artifacts": Object {
          "Type": "CODEPIPELINE",
        },
        "EncryptionKey": "alias/aws/s3",
        "Environment": Object {
          "ComputeType": "BUILD_GENERAL1_SMALL",
          "Image": "aws/codebuild/standard:5.0",
          "ImagePullCredentialsType": "CODEBUILD",
          "PrivilegedMode": false,
          "Type": "LINUX_CONTAINER",
        },
        "Name": Object {
          "Fn::Join": Array [
            "",
            Array [
              "pfm-service-",
              Object {
                "Ref": "branch",
              },
              "-deploy",
            ],
          ],
        },
        "ServiceRole": Object {
          "Fn::GetAtt": Array [
            "PfmServiceCodeBuildEcsDeployProjectRole648B05E0",
            "Arn",
          ],
        },
        "Source": Object {
          "BuildSpec": "{
  \\"version\\": \\"0.2\\",
  \\"phases\\": {
    \\"install\\": {
      \\"commands\\": [
        \\"env\\",
        \\"ls -al\\",
        \\"echo \\\\\\"Installing AWS CDK\\\\\\"\\",
        \\"npm install -g aws-cdk typescript\\",
        \\"cdk --version\\"
      ]
    },
    \\"build\\": {
      \\"commands\\": []
    }
  }
}",
          "Type": "CODEPIPELINE",
        },
      },
      "Type": "AWS::CodeBuild::Project",
    },
    "PfmServiceCodeBuildEcsDeployProjectRole648B05E0": Object {
      "Properties": Object {
        "AssumeRolePolicyDocument": Object {
          "Statement": Array [
            Object {
              "Action": "sts:AssumeRole",
              "Effect": "Allow",
              "Principal": Object {
                "Service": "codebuild.amazonaws.com",
              },
            },
          ],
          "Version": "2012-10-17",
        },
      },
      "Type": "AWS::IAM::Role",
    },
    "PfmServiceCodeBuildEcsDeployProjectRoleDefaultPolicy23D57A21": Object {
      "Properties": Object {
        "PolicyDocument": Object {
          "Statement": Array [
            Object {
              "Action": Array [
                "logs:CreateLogGroup",
                "logs:CreateLogStream",
                "logs:PutLogEvents",
              ],
              "Effect": "Allow",
              "Resource": Array [
                Object {
                  "Fn::Join": Array [
                    "",
                    Array [
                      "arn:",
                      Object {
                        "Ref": "AWS::Partition",
                      },
                      ":logs:",
                      Object {
                        "Ref": "AWS::Region",
                      },
                      ":",
                      Object {
                        "Ref": "AWS::AccountId",
                      },
                      ":log-group:/aws/codebuild/",
                      Object {
                        "Ref": "PfmServiceCodeBuildEcsDeployProjectC6FDDE22",
                      },
                    ],
                  ],
                },
                Object {
                  "Fn::Join": Array [
                    "",
                    Array [
                      "arn:",
                      Object {
                        "Ref": "AWS::Partition",
                      },
                      ":logs:",
                      Object {
                        "Ref": "AWS::Region",
                      },
                      ":",
                      Object {
                        "Ref": "AWS::AccountId",
                      },
                      ":log-group:/aws/codebuild/",
                      Object {
                        "Ref": "PfmServiceCodeBuildEcsDeployProjectC6FDDE22",
                      },
                      ":*",
                    ],
                  ],
                },
              ],
            },
            Object {
              "Action": Array [
                "codebuild:CreateReportGroup",
                "codebuild:CreateReport",
                "codebuild:UpdateReport",
                "codebuild:BatchPutTestCases",
                "codebuild:BatchPutCodeCoverages",
              ],
              "Effect": "Allow",
              "Resource": Object {
                "Fn::Join": Array [
                  "",
                  Array [
                    "arn:",
                    Object {
                      "Ref": "AWS::Partition",
                    },
                    ":codebuild:",
                    Object {
                      "Ref": "AWS::Region",
                    },
                    ":",
                    Object {
                      "Ref": "AWS::AccountId",
                    },
                    ":report-group/",
                    Object {
                      "Ref": "PfmServiceCodeBuildEcsDeployProjectC6FDDE22",
                    },
                    "-*",
                  ],
                ],
              },
            },
            Object {
              "Action": Array [
                "s3:GetObject*",
                "s3:GetBucket*",
                "s3:List*",
              ],
              "Effect": "Allow",
              "Resource": Array [
                Object {
                  "Fn::Join": Array [
                    "",
                    Array [
                      "arn:",
                      Object {
                        "Ref": "AWS::Partition",
                      },
                      ":s3:::pipeline-artifacts",
                    ],
                  ],
                },
                Object {
                  "Fn::Join": Array [
                    "",
                    Array [
                      "arn:",
                      Object {
                        "Ref": "AWS::Partition",
                      },
                      ":s3:::pipeline-artifacts/*",
                    ],
                  ],
                },
              ],
            },
          ],
          "Version": "2012-10-17",
        },
        "PolicyName": "PfmServiceCodeBuildEcsDeployProjectRoleDefaultPolicy23D57A21",
        "Roles": Array [
          Object {
            "Ref": "PfmServiceCodeBuildEcsDeployProjectRole648B05E0",
          },
        ],
      },
      "Type": "AWS::IAM::Policy",
    },
    "PfmServiceCodeBuildProject660F0741": Object {
      "Properties": Object {
        "Artifacts": Object {
          "Type": "CODEPIPELINE",
        },
        "EncryptionKey": "alias/aws/s3",
        "Environment": Object {
          "ComputeType": "BUILD_GENERAL1_SMALL",
          "Image": "aws/codebuild/standard:5.0",
          "ImagePullCredentialsType": "CODEBUILD",
          "PrivilegedMode": false,
          "Type": "LINUX_CONTAINER",
        },
        "Name": Object {
          "Fn::Join": Array [
            "",
            Array [
              "pfm-service-",
              Object {
                "Ref": "branch",
              },
              "-build",
            ],
          ],
        },
        "ServiceRole": Object {
          "Fn::GetAtt": Array [
            "PfmServiceCodeBuildProjectRole4E78BE74",
            "Arn",
          ],
        },
        "Source": Object {
          "BuildSpec": Object {
            "Fn::Join": Array [
              "",
              Array [
                "{
  \\"version\\": \\"0.2\\",
  \\"phases\\": {
    \\"install\\": {
      \\"runtime_versions\\": {
        \\"java\\": \\"corretto8\\"
      }
    },
    \\"build\\": {
      \\"commands\\": [
        \\"java -version\\",
        \\"mvn -version\\",
        \\"mvn clean install\\",
        \\"cp ",
                Object {
                  "Ref": "propertiesfile",
                },
                " docker/files\\",
        \\"export VERSION=\`grep -oP 'version=\\\\\\\\K.*' ",
                Object {
                  "Ref": "propertiesfile",
                },
                "\`\\",
        \\"echo $VERSION > VERSION\\",
        \\"docker build -t ",
                Object {
                  "Ref": "AWS::AccountId",
                },
                ".dkr.ecr.",
                Object {
                  "Ref": "AWS::Region",
                },
                ".amazonaws.com/pfm-service:$VERSION .\\",
        \\"aws ecr get-login-password --region ",
                Object {
                  "Ref": "AWS::Region",
                },
                " | docker login --username AWS --password-stdin ",
                Object {
                  "Ref": "AWS::AccountId",
                },
                ".dkr.ecr.",
                Object {
                  "Ref": "AWS::Region",
                },
                ".amazonaws.com\\",
        \\"docker push ",
                Object {
                  "Ref": "AWS::AccountId",
                },
                ".dkr.ecr.",
                Object {
                  "Ref": "AWS::Region",
                },
                ".amazonaws.com/pfm-service:$VERSION\\"
      ]
    }
  },
  \\"artifacts\\": {
    \\"files\\": [
      \\"VERSION\\",
      \\"",
                Object {
                  "Ref": "propertiesfile",
                },
                "\\"
    ]
  }
}",
              ],
            ],
          },
          "Type": "CODEPIPELINE",
        },
      },
      "Type": "AWS::CodeBuild::Project",
    },
    "PfmServiceCodeBuildProjectRole4E78BE74": Object {
      "Properties": Object {
        "AssumeRolePolicyDocument": Object {
          "Statement": Array [
            Object {
              "Action": "sts:AssumeRole",
              "Effect": "Allow",
              "Principal": Object {
                "Service": "codebuild.amazonaws.com",
              },
            },
          ],
          "Version": "2012-10-17",
        },
      },
      "Type": "AWS::IAM::Role",
    },
    "PfmServiceCodeBuildProjectRoleDefaultPolicy27285B03": Object {
      "Properties": Object {
        "PolicyDocument": Object {
          "Statement": Array [
            Object {
              "Action": Array [
                "logs:CreateLogGroup",
                "logs:CreateLogStream",
                "logs:PutLogEvents",
              ],
              "Effect": "Allow",
              "Resource": Array [
                Object {
                  "Fn::Join": Array [
                    "",
                    Array [
                      "arn:",
                      Object {
                        "Ref": "AWS::Partition",
                      },
                      ":logs:",
                      Object {
                        "Ref": "AWS::Region",
                      },
                      ":",
                      Object {
                        "Ref": "AWS::AccountId",
                      },
                      ":log-group:/aws/codebuild/",
                      Object {
                        "Ref": "PfmServiceCodeBuildProject660F0741",
                      },
                    ],
                  ],
                },
                Object {
                  "Fn::Join": Array [
                    "",
                    Array [
                      "arn:",
                      Object {
                        "Ref": "AWS::Partition",
                      },
                      ":logs:",
                      Object {
                        "Ref": "AWS::Region",
                      },
                      ":",
                      Object {
                        "Ref": "AWS::AccountId",
                      },
                      ":log-group:/aws/codebuild/",
                      Object {
                        "Ref": "PfmServiceCodeBuildProject660F0741",
                      },
                      ":*",
                    ],
                  ],
                },
              ],
            },
            Object {
              "Action": Array [
                "codebuild:CreateReportGroup",
                "codebuild:CreateReport",
                "codebuild:UpdateReport",
                "codebuild:BatchPutTestCases",
                "codebuild:BatchPutCodeCoverages",
              ],
              "Effect": "Allow",
              "Resource": Object {
                "Fn::Join": Array [
                  "",
                  Array [
                    "arn:",
                    Object {
                      "Ref": "AWS::Partition",
                    },
                    ":codebuild:",
                    Object {
                      "Ref": "AWS::Region",
                    },
                    ":",
                    Object {
                      "Ref": "AWS::AccountId",
                    },
                    ":report-group/",
                    Object {
                      "Ref": "PfmServiceCodeBuildProject660F0741",
                    },
                    "-*",
                  ],
                ],
              },
            },
            Object {
              "Action": Array [
                "ecr:BatchGetImage",
                "ecr:BatchCheckLayerAvailability",
                "ecr:GetDownloadUrlForLayer",
              ],
              "Effect": "Allow",
              "Resource": Object {
                "Fn::Join": Array [
                  "",
                  Array [
                    Object {
                      "Ref": "AWS::AccountId",
                    },
                    ".dkr.ecr.",
                    Object {
                      "Ref": "AWS::Region",
                    },
                    ".amazonaws.com/pfm-service",
                  ],
                ],
              },
            },
            Object {
              "Action": Array [
                "s3:GetObject*",
                "s3:GetBucket*",
                "s3:List*",
                "s3:DeleteObject*",
                "s3:PutObject*",
                "s3:Abort*",
              ],
              "Effect": "Allow",
              "Resource": Array [
                Object {
                  "Fn::Join": Array [
                    "",
                    Array [
                      "arn:",
                      Object {
                        "Ref": "AWS::Partition",
                      },
                      ":s3:::pipeline-artifacts",
                    ],
                  ],
                },
                Object {
                  "Fn::Join": Array [
                    "",
                    Array [
                      "arn:",
                      Object {
                        "Ref": "AWS::Partition",
                      },
                      ":s3:::pipeline-artifacts/*",
                    ],
                  ],
                },
              ],
            },
          ],
          "Version": "2012-10-17",
        },
        "PolicyName": "PfmServiceCodeBuildProjectRoleDefaultPolicy27285B03",
        "Roles": Array [
          Object {
            "Ref": "PfmServiceCodeBuildProjectRole4E78BE74",
          },
        ],
      },
      "Type": "AWS::IAM::Policy",
    },
    "PfmServiceEcrRepository23177656": Object {
      "DeletionPolicy": "Retain",
      "Properties": Object {
        "ImageScanningConfiguration": Object {
          "ScanOnPush": true,
        },
        "ImageTagMutability": "IMMUTABLE",
        "LifecyclePolicy": Object {
          "LifecyclePolicyText": "{\\"rules\\":[{\\"rulePriority\\":1,\\"selection\\":{\\"tagStatus\\":\\"tagged\\",\\"tagPrefixList\\":[\\"SNAPSHOT\\"],\\"countType\\":\\"imageCountMoreThan\\",\\"countNumber\\":40},\\"action\\":{\\"type\\":\\"expire\\"}},{\\"rulePriority\\":2,\\"selection\\":{\\"tagStatus\\":\\"any\\",\\"countType\\":\\"imageCountMoreThan\\",\\"countNumber\\":9999},\\"action\\":{\\"type\\":\\"expire\\"}}]}",
        },
        "RepositoryName": "pfm-service",
      },
      "Type": "AWS::ECR::Repository",
      "UpdateReplacePolicy": "Retain",
    },
    "PfmServicePipeline8BC7E9B0": Object {
      "DependsOn": Array [
        "PfmServicePipelineRoleDefaultPolicy5ED3348A",
        "PfmServicePipelineRoleEB6A1491",
      ],
      "Properties": Object {
        "ArtifactStore": Object {
          "Location": "pipeline-artifacts",
          "Type": "S3",
        },
        "Name": Object {
          "Fn::Join": Array [
            "",
            Array [
              "pfm-service-",
              Object {
                "Ref": "branch",
              },
            ],
          ],
        },
        "RoleArn": Object {
          "Fn::GetAtt": Array [
            "PfmServicePipelineRoleEB6A1491",
            "Arn",
          ],
        },
        "Stages": Array [
          Object {
            "Actions": Array [
              Object {
                "ActionTypeId": Object {
                  "Category": "Source",
                  "Owner": "ThirdParty",
                  "Provider": "GitHub",
                  "Version": "1",
                },
                "Configuration": Object {
                  "Branch": "master",
                  "OAuthToken": "{{resolve:secretsmanager:github-mmi-holdings-ces-token:SecretString:::}}",
                  "Owner": Object {
                    "Ref": "githuborg",
                  },
                  "PollForSourceChanges": false,
                  "Repo": "pfm-service",
                },
                "Name": "Github_Source",
                "OutputArtifacts": Array [
                  Object {
                    "Name": "Artifact_Source_Github_Source",
                  },
                ],
                "RunOrder": 1,
              },
            ],
            "Name": "Source",
          },
          Object {
            "Actions": Array [
              Object {
                "ActionTypeId": Object {
                  "Category": "Approval",
                  "Owner": "AWS",
                  "Provider": "Manual",
                  "Version": "1",
                },
                "Name": "Approve",
                "RoleArn": Object {
                  "Fn::GetAtt": Array [
                    "PfmServicePipelineApproveBuildApproveCodePipelineActionRoleEB826E78",
                    "Arn",
                  ],
                },
                "RunOrder": 1,
              },
            ],
            "Name": "Approve_Build",
          },
          Object {
            "Actions": Array [
              Object {
                "ActionTypeId": Object {
                  "Category": "Build",
                  "Owner": "AWS",
                  "Provider": "CodeBuild",
                  "Version": "1",
                },
                "Configuration": Object {
                  "ProjectName": Object {
                    "Ref": "PfmServiceCodeBuildProject660F0741",
                  },
                },
                "InputArtifacts": Array [
                  Object {
                    "Name": "Artifact_Source_Github_Source",
                  },
                ],
                "Name": "Maven_Docker_Build",
                "OutputArtifacts": Array [
                  Object {
                    "Name": "Artifact_Build_Maven_Docker_Build",
                  },
                ],
                "RoleArn": Object {
                  "Fn::GetAtt": Array [
                    "PfmServicePipelineBuildMavenDockerBuildCodePipelineActionRole660E94A1",
                    "Arn",
                  ],
                },
                "RunOrder": 1,
              },
            ],
            "Name": "Build",
          },
          Object {
            "Actions": Array [
              Object {
                "ActionTypeId": Object {
                  "Category": "Approval",
                  "Owner": "AWS",
                  "Provider": "Manual",
                  "Version": "1",
                },
                "Name": "Approve",
                "RoleArn": Object {
                  "Fn::GetAtt": Array [
                    "PfmServicePipelineApproveDeployApproveCodePipelineActionRoleE18751FB",
                    "Arn",
                  ],
                },
                "RunOrder": 1,
              },
            ],
            "Name": "Approve_Deploy",
          },
          Object {
            "Actions": Array [
              Object {
                "ActionTypeId": Object {
                  "Category": "Build",
                  "Owner": "AWS",
                  "Provider": "CodeBuild",
                  "Version": "1",
                },
                "Configuration": Object {
                  "ProjectName": Object {
                    "Ref": "PfmServiceCodeBuildEcsDeployProjectC6FDDE22",
                  },
                },
                "InputArtifacts": Array [
                  Object {
                    "Name": "Artifact_Build_Maven_Docker_Build",
                  },
                ],
                "Name": "Ecs_Deploy",
                "RoleArn": Object {
                  "Fn::GetAtt": Array [
                    "PfmServicePipelineDeployEcsDeployCodePipelineActionRoleD714E0C9",
                    "Arn",
                  ],
                },
                "RunOrder": 1,
              },
            ],
            "Name": "Deploy",
          },
        ],
      },
      "Type": "AWS::CodePipeline::Pipeline",
    },
    "PfmServicePipelineApproveBuildApproveCodePipelineActionRoleEB826E78": Object {
      "Properties": Object {
        "AssumeRolePolicyDocument": Object {
          "Statement": Array [
            Object {
              "Action": "sts:AssumeRole",
              "Effect": "Allow",
              "Principal": Object {
                "AWS": Object {
                  "Fn::Join": Array [
                    "",
                    Array [
                      "arn:",
                      Object {
                        "Ref": "AWS::Partition",
                      },
                      ":iam::",
                      Object {
                        "Ref": "AWS::AccountId",
                      },
                      ":root",
                    ],
                  ],
                },
              },
            },
          ],
          "Version": "2012-10-17",
        },
      },
      "Type": "AWS::IAM::Role",
    },
    "PfmServicePipelineApproveDeployApproveCodePipelineActionRoleE18751FB": Object {
      "Properties": Object {
        "AssumeRolePolicyDocument": Object {
          "Statement": Array [
            Object {
              "Action": "sts:AssumeRole",
              "Effect": "Allow",
              "Principal": Object {
                "AWS": Object {
                  "Fn::Join": Array [
                    "",
                    Array [
                      "arn:",
                      Object {
                        "Ref": "AWS::Partition",
                      },
                      ":iam::",
                      Object {
                        "Ref": "AWS::AccountId",
                      },
                      ":root",
                    ],
                  ],
                },
              },
            },
          ],
          "Version": "2012-10-17",
        },
      },
      "Type": "AWS::IAM::Role",
    },
    "PfmServicePipelineBuildMavenDockerBuildCodePipelineActionRole660E94A1": Object {
      "Properties": Object {
        "AssumeRolePolicyDocument": Object {
          "Statement": Array [
            Object {
              "Action": "sts:AssumeRole",
              "Effect": "Allow",
              "Principal": Object {
                "AWS": Object {
                  "Fn::Join": Array [
                    "",
                    Array [
                      "arn:",
                      Object {
                        "Ref": "AWS::Partition",
                      },
                      ":iam::",
                      Object {
                        "Ref": "AWS::AccountId",
                      },
                      ":root",
                    ],
                  ],
                },
              },
            },
          ],
          "Version": "2012-10-17",
        },
      },
      "Type": "AWS::IAM::Role",
    },
    "PfmServicePipelineBuildMavenDockerBuildCodePipelineActionRoleDefaultPolicy7D9B93B0": Object {
      "Properties": Object {
        "PolicyDocument": Object {
          "Statement": Array [
            Object {
              "Action": Array [
                "codebuild:BatchGetBuilds",
                "codebuild:StartBuild",
                "codebuild:StopBuild",
              ],
              "Effect": "Allow",
              "Resource": Object {
                "Fn::GetAtt": Array [
                  "PfmServiceCodeBuildProject660F0741",
                  "Arn",
                ],
              },
            },
          ],
          "Version": "2012-10-17",
        },
        "PolicyName": "PfmServicePipelineBuildMavenDockerBuildCodePipelineActionRoleDefaultPolicy7D9B93B0",
        "Roles": Array [
          Object {
            "Ref": "PfmServicePipelineBuildMavenDockerBuildCodePipelineActionRole660E94A1",
          },
        ],
      },
      "Type": "AWS::IAM::Policy",
    },
    "PfmServicePipelineDeployEcsDeployCodePipelineActionRoleD714E0C9": Object {
      "Properties": Object {
        "AssumeRolePolicyDocument": Object {
          "Statement": Array [
            Object {
              "Action": "sts:AssumeRole",
              "Effect": "Allow",
              "Principal": Object {
                "AWS": Object {
                  "Fn::Join": Array [
                    "",
                    Array [
                      "arn:",
                      Object {
                        "Ref": "AWS::Partition",
                      },
                      ":iam::",
                      Object {
                        "Ref": "AWS::AccountId",
                      },
                      ":root",
                    ],
                  ],
                },
              },
            },
          ],
          "Version": "2012-10-17",
        },
      },
      "Type": "AWS::IAM::Role",
    },
    "PfmServicePipelineDeployEcsDeployCodePipelineActionRoleDefaultPolicy8B3E5F71": Object {
      "Properties": Object {
        "PolicyDocument": Object {
          "Statement": Array [
            Object {
              "Action": Array [
                "codebuild:BatchGetBuilds",
                "codebuild:StartBuild",
                "codebuild:StopBuild",
              ],
              "Effect": "Allow",
              "Resource": Object {
                "Fn::GetAtt": Array [
                  "PfmServiceCodeBuildEcsDeployProjectC6FDDE22",
                  "Arn",
                ],
              },
            },
          ],
          "Version": "2012-10-17",
        },
        "PolicyName": "PfmServicePipelineDeployEcsDeployCodePipelineActionRoleDefaultPolicy8B3E5F71",
        "Roles": Array [
          Object {
            "Ref": "PfmServicePipelineDeployEcsDeployCodePipelineActionRoleD714E0C9",
          },
        ],
      },
      "Type": "AWS::IAM::Policy",
    },
    "PfmServicePipelineRoleDefaultPolicy5ED3348A": Object {
      "Properties": Object {
        "PolicyDocument": Object {
          "Statement": Array [
            Object {
              "Action": Array [
                "s3:GetObject*",
                "s3:GetBucket*",
                "s3:List*",
                "s3:DeleteObject*",
                "s3:PutObject*",
                "s3:Abort*",
              ],
              "Effect": "Allow",
              "Resource": Array [
                Object {
                  "Fn::Join": Array [
                    "",
                    Array [
                      "arn:",
                      Object {
                        "Ref": "AWS::Partition",
                      },
                      ":s3:::pipeline-artifacts",
                    ],
                  ],
                },
                Object {
                  "Fn::Join": Array [
                    "",
                    Array [
                      "arn:",
                      Object {
                        "Ref": "AWS::Partition",
                      },
                      ":s3:::pipeline-artifacts/*",
                    ],
                  ],
                },
              ],
            },
            Object {
              "Action": "sts:AssumeRole",
              "Effect": "Allow",
              "Resource": Object {
                "Fn::GetAtt": Array [
                  "PfmServicePipelineApproveBuildApproveCodePipelineActionRoleEB826E78",
                  "Arn",
                ],
              },
            },
            Object {
              "Action": "sts:AssumeRole",
              "Effect": "Allow",
              "Resource": Object {
                "Fn::GetAtt": Array [
                  "PfmServicePipelineBuildMavenDockerBuildCodePipelineActionRole660E94A1",
                  "Arn",
                ],
              },
            },
            Object {
              "Action": "sts:AssumeRole",
              "Effect": "Allow",
              "Resource": Object {
                "Fn::GetAtt": Array [
                  "PfmServicePipelineApproveDeployApproveCodePipelineActionRoleE18751FB",
                  "Arn",
                ],
              },
            },
            Object {
              "Action": "sts:AssumeRole",
              "Effect": "Allow",
              "Resource": Object {
                "Fn::GetAtt": Array [
                  "PfmServicePipelineDeployEcsDeployCodePipelineActionRoleD714E0C9",
                  "Arn",
                ],
              },
            },
          ],
          "Version": "2012-10-17",
        },
        "PolicyName": "PfmServicePipelineRoleDefaultPolicy5ED3348A",
        "Roles": Array [
          Object {
            "Ref": "PfmServicePipelineRoleEB6A1491",
          },
        ],
      },
      "Type": "AWS::IAM::Policy",
    },
    "PfmServicePipelineRoleEB6A1491": Object {
      "Properties": Object {
        "AssumeRolePolicyDocument": Object {
          "Statement": Array [
            Object {
              "Action": "sts:AssumeRole",
              "Effect": "Allow",
              "Principal": Object {
                "Service": "codepipeline.amazonaws.com",
              },
            },
          ],
          "Version": "2012-10-17",
        },
      },
      "Type": "AWS::IAM::Role",
    },
    "PfmServicePipelineSourceGithubSourceWebhookResource6916ABDA": Object {
      "Properties": Object {
        "Authentication": "GITHUB_HMAC",
        "AuthenticationConfiguration": Object {
          "SecretToken": "{{resolve:secretsmanager:github-mmi-holdings-ces-token:SecretString:::}}",
        },
        "Filters": Array [
          Object {
            "JsonPath": "$.ref",
            "MatchEquals": "refs/heads/{Branch}",
          },
        ],
        "RegisterWithThirdParty": true,
        "TargetAction": "Github_Source",
        "TargetPipeline": Object {
          "Ref": "PfmServicePipeline8BC7E9B0",
        },
        "TargetPipelineVersion": 1,
      },
      "Type": "AWS::CodePipeline::Webhook",
    },
  },
}
`;
